src/react-app/pages/Journal.tsx(1,29): error TS2307: Cannot find module '@/react-app/components/DashboardLayout' or its corresponding type declarations.
src/react-app/pages/Journal.tsx(2,56): error TS2307: Cannot find module '@/react-app/components/AdvancedFilters' or its corresponding type declarations.
src/react-app/pages/Journal.tsx(32,59): error TS2307: Cannot find module '@/react-app/hooks/useTrades' or its corresponding type declarations.
src/react-app/pages/Journal.tsx(33,31): error TS2307: Cannot find module '@/react-app/hooks/useStrategies' or its corresponding type declarations.
src/react-app/pages/Journal.tsx(34,31): error TS2307: Cannot find module '@/react-app/hooks/useDataExport' or its corresponding type declarations.
src/react-app/pages/Journal.tsx(35,33): error TS2307: Cannot find module '@/react-app/hooks/useBinanceCoins' or its corresponding type declarations.
src/react-app/pages/Journal.tsx(36,31): error TS2307: Cannot find module '@/react-app/hooks/useForexPairs' or its corresponding type declarations.
src/react-app/pages/Journal.tsx(37,33): error TS2307: Cannot find module '@/react-app/hooks/useStockSymbols' or its corresponding type declarations.
src/react-app/pages/Journal.tsx(38,31): error TS2307: Cannot find module '@/react-app/hooks/useUserEquity' or its corresponding type declarations.
src/react-app/pages/Journal.tsx(39,28): error TS2307: Cannot find module '@/react-app/hooks/useLivePnL' or its corresponding type declarations.
src/react-app/pages/Journal.tsx(42,86): error TS2307: Cannot find module '@/react-app/components/FormComponents' or its corresponding type declarations.
src/react-app/pages/Journal.tsx(612,31): error TS2362: The left-hand side of an arithmetic operation must be of type 'any', 'number', 'bigint' or an enum type.
src/react-app/pages/Journal.tsx(612,35): error TS2363: The right-hand side of an arithmetic operation must be of type 'any', 'number', 'bigint' or an enum type.
src/react-app/pages/Journal.tsx(875,31): error TS2322: Type 'unknown' is not assignable to type 'Key'.
src/react-app/pages/Journal.tsx(875,44): error TS2322: Type 'unknown' is not assignable to type 'string | number | readonly string[]'.
src/react-app/pages/Journal.tsx(875,59): error TS2322: Type 'unknown' is not assignable to type 'ReactNode'.
